============================================================
brute_search v11-r2 heuristic
Geometry EPS: 1.000e-11
Search time limit: 90 seconds
Detected system: Linux
Hardware logical processors: 32
Process-available / recommended maximum threads: 32
============================================================

[Step 1/6] Maximum number of NEW construction elements (E).
  E counts only elements constructed by the solver; given lines/circles do NOT count.
  Example: enter 7 to search for a construction using at most 7 new lines/circles.
Enter E limit: 
[Step 3/6] Select allowed construction tools.
  0 = compass only      (construct circles from two known points)
  1 = straightedge only (construct lines through two known points)
  2 = both compass and straightedge
  3 = grid straightedge only
Enter tool type [0/1/2/3]: 
[Step 4/6] Enter counts of GIVEN objects in this exact order:
  P L R S C
  P = points, L = infinite lines, R = rays, S = segments, C = circles.
  Example: '2 1 0 0 0' means 2 points and 1 line are initially given.
Enter P L R S C: 
Given point P1: enter x y.
  Example: '0 0' means P1=(0,0).
P1 = 
Given point P2: enter x y.
  Example: '0 0' means P2=(0,0).
P2 = 
Given circle C1: enter center_x center_y radius.
  This represents (x-center_x)^2 + (y-center_y)^2 = radius^2.
C1 = 
Given circle C2: enter center_x center_y radius.
  This represents (x-center_x)^2 + (y-center_y)^2 = radius^2.
C2 = 
[Step 5/6] Enter ALL construction goals simultaneously.
  Input three integers in this order: number_of_target_lines number_of_target_circles number_of_target_points
  Example: '2 1 3' means the final construction must contain 2 specified lines,
           1 specified circle, and 3 specified points at the same time.
Enter target counts L C P: 
Target point GP1: enter x y.
GP1 = 
============================================================
Search configuration
  E limit: 6
  Requested distinct solutions: 1
  Tools: compass + straightedge
  Goals: 0 line(s), 0 circle(s), 1 point(s)
  Search engine: v11 heuristic portfolio beam
  Beam width / branch limit per worker: 64 / 96
  Seed: 2; restarts: 0 (0 = until time budget)
  Heuristic search may discard paths; failure is NOT exhaustion or an impossibility proof.
  Geometry EPS: 1.000e-11
  Time limit: 90 seconds
  Worker threads: 1 / 32 process-available (32 hardware)
============================================================
Searching...

============================================================

========== 第 1 / 1 个不同解（6E） ==========
Solution found!
Points (37):
(0,0)
(1.21,0)
(-3.7,0)
(3.7,0)
(-0.22,0)
(2.64,0)
(3.52551136364,1.12283998186)
(3.52551136364,-1.12283998186)
(1.925,1.23841632741)
(1.925,-1.23841632741)
(4.07,0)
(0.525455397728,-3.66249868601)
(3.43454460227,1.37619162002)
(3.355,1.23841632741)
(2.67616038605,2.55502751221)
(0.410109952696,1.18535898032)
(2.63649601321,-0.10004561104)
(1.05091079546,0)
(2.79908920454,0)
(1.21350398679,-0.10004561104)
(3.4398900473,1.18535898032)
(2.56045539773,-0.137775292604)
(2.21679264988,2.96240279966)
(2.21679264988,-2.96240279966)
(5.81817840909,0)
(1.17180035231,-2.54299638545)
(4.18774424996,2.68077167805)
(0.841161418287,2.29813367949)
(1.28954460227,2.61460794743)
(1.09656276429,-1.42549359646)
(1.79376470992,1.30541899919)
(1.46049125856,0)
(1.32004729286,-0.550113489118)
(1.74528314005,1.11551859712)
(1.41246355947,-0.188122608134)
(2.15900823264,2.73606351035)
(0.868007070788,-2.32073725736)
Elements (8):
(x-0)^2+(y-0)^2=3.7^2
(x-1.21)^2+(y-0)^2=1.43^2
0x+1y=0 [1]
(x-2.64)^2+(y-0)^2=1.43^2
-1.73205080757x+1y=-4.57261413198 [1]
(x-1.925)^2+(y-1.23841632741)^2=1.51581889997^2
(x-2.79908920454)^2+(y-0)^2=3.01908920454^2
-3.91696066366x+1y=-5.72068680941 [1]

已返回所需的 1 个不同解。
Result status: QUOTA_REACHED
Requested solutions:1
Distinct solutions:1
Successful state visits:1
Search Time:0.720649
Solution output time:0.000013860
Worker threads:1
Nodes:565235
Raw candidates:4392156
Unique candidates:3816821
Heuristic restarts:24
Heuristic layers:144
Expanded beam states:5624
Evaluated successors:490794
Candidate paths discarded:3251810
Beam paths discarded:343881
Tail helper calls:189
Beam successful state visits:0
Helper successful state visits:1
Family-diversity discards:0
Rendezvous proposals:0
Rendezvous replays:0
Rendezvous successful state visits:0
Peak beam per worker:64
Search completeness: HEURISTIC (no exhaustive guarantee)
============================================================
