============================================================
brute_search v11-r2 heuristic
Geometry EPS: 1.000e-11
Search time limit: 60 seconds
Detected system: Windows
Hardware logical processors: 20
Process-available / recommended maximum threads: 20
============================================================

[Step 1/6] Maximum number of NEW construction elements (E).
  E counts only elements constructed by the solver; given lines/circles do NOT count.
  Example: enter 7 to search for a construction using at most 7 new lines/circles.
Enter E limit: 
[Step 3/6] Select allowed construction tools.
  0 = compass only      (construct circles from two known points)
  1 = straightedge only (construct lines through two known points)
  2 = both compass and straightedge
  3 = grid straightedge only
Enter tool type [0/1/2/3]: 
[Step 4/6] Enter counts of GIVEN objects in this exact order:
  P L R S C
  P = points, L = infinite lines, R = rays, S = segments, C = circles.
  Example: '2 1 0 0 0' means 2 points and 1 line are initially given.
Enter P L R S C: 
Given point P1: enter x y.
  Example: '0 0' means P1=(0,0).
P1 = 
Given point P2: enter x y.
  Example: '0 0' means P2=(0,0).
P2 = 
Given point P3: enter x y.
  Example: '0 0' means P3=(0,0).
P3 = 
Given point P4: enter x y.
  Example: '0 0' means P4=(0,0).
P4 = 
Given ray R1: enter x1 y1 x2 y2.
  The ray starts at (x1,y1) and passes through (x2,y2).
R1 = 
Given ray R2: enter x1 y1 x2 y2.
  The ray starts at (x1,y1) and passes through (x2,y2).
R2 = 
[Step 5/6] Enter ALL construction goals simultaneously.
  Input three integers in this order: number_of_target_lines number_of_target_circles number_of_target_points
  Example: '2 1 3' means the final construction must contain 2 specified lines,
           1 specified circle, and 3 specified points at the same time.
Enter target counts L C P: 
Target line GL1: enter a b c for a*x + b*y = c.
GL1 (a b c) = 
Target line GL2: enter a b c for a*x + b*y = c.
GL2 (a b c) = 
Target point GP1: enter x y.
GP1 = 
Target point GP2: enter x y.
GP2 = 
============================================================
Search configuration
  E limit: 8
  Requested distinct solutions: 1
  Tools: compass + straightedge
  Goals: 2 line(s), 0 circle(s), 2 point(s)
  Search engine: v11 heuristic portfolio beam
  Beam width / branch limit per worker: 64 / 96
  Seed: 1; restarts: 0 (0 = until time budget)
  Heuristic search may discard paths; failure is NOT exhaustion or an impossibility proof.
  Geometry EPS: 1.000e-11
  Time limit: 60 seconds
  Worker threads: 8 / 20 process-available (20 hardware)
============================================================
Searching...

============================================================

SEARCH STOPPED: time limit reached (60 seconds).
已找到并输出 0 / 1 个不同解
Result status: TIMEOUT_PARTIAL
Requested solutions:1
Distinct solutions:0
Successful state visits:0
Search Time:60.001305
Worker threads:8
Nodes:146094604
Raw candidates:779368282
Unique candidates:677886261
Heuristic restarts:1734
Heuristic layers:13862
Expanded beam states:697975
Evaluated successors:59994695
Candidate paths discarded:531840532
Beam paths discarded:48687291
Tail helper calls:13837
Beam successful state visits:0
Helper successful state visits:0
Family-diversity discards:84423
Rendezvous proposals:8
Rendezvous replays:8
Rendezvous successful state visits:0
Peak beam per worker:64
Search completeness: HEURISTIC (no exhaustive guarantee)
============================================================
