============================================================
brute_search v10 optimized
Geometry EPS: 1.000e-11
Search time limit: 60 seconds
Detected system: Windows
Hardware logical processors: 20
Process-available / recommended maximum threads: 20
============================================================

[Step 1/6] Maximum number of NEW construction elements (E).
  E counts only elements constructed by the solver; given lines/circles do NOT count.
  Example: enter 7 to search for a construction using at most 7 new lines/circles.
Enter E limit: 
[Step 3/6] Select allowed construction tools.
  0 = compass only      (construct circles from two known points)
  1 = straightedge only (construct lines through two known points)
  2 = both compass and straightedge
  3 = grid straightedge only
Enter tool type [0/1/2/3]: 
[Step 4/6] Enter counts of GIVEN objects in this exact order:
  P L R S C
  P = points, L = infinite lines, R = rays, S = segments, C = circles.
  Example: '2 1 0 0 0' means 2 points and 1 line are initially given.
Enter P L R S C: 
Given point P1: enter x y.
  Example: '0 0' means P1=(0,0).
P1 = 
Given point P2: enter x y.
  Example: '0 0' means P2=(0,0).
P2 = 
Given circle C1: enter center_x center_y radius.
  This represents (x-center_x)^2 + (y-center_y)^2 = radius^2.
C1 = 
Given circle C2: enter center_x center_y radius.
  This represents (x-center_x)^2 + (y-center_y)^2 = radius^2.
C2 = 
[Step 5/6] Enter ALL construction goals simultaneously.
  Input three integers in this order: number_of_target_lines number_of_target_circles number_of_target_points
  Example: '2 1 3' means the final construction must contain 2 specified lines,
           1 specified circle, and 3 specified points at the same time.
Enter target counts L C P: 
Target line GL1: enter a b c for a*x + b*y = c.
GL1 (a b c) = 
Target line GL2: enter a b c for a*x + b*y = c.
GL2 (a b c) = 
Target line GL3: enter a b c for a*x + b*y = c.
GL3 (a b c) = 
Target point GP1: enter x y.
GP1 = 
Target point GP2: enter x y.
GP2 = 
============================================================
Search configuration
  E limit: 8
  Requested distinct solutions: 1
  Tools: compass + straightedge
  Goals: 3 line(s), 0 circle(s), 2 point(s)
  Geometry EPS: 1.000e-11
  Time limit: 60 seconds
  Worker threads: 8 / 20 process-available (20 hardware)
============================================================
Searching...

============================================================

========== 第 1 / 1 个不同解（8E） ==========
Solution found!
作图步骤（8E）：
已知对象：
  P1=(0,0)。
  P2=(3.8,0.4)。
  已知圆C1；方程：(x-(0))^2+(y-(0))^2=2.8899999999999997。
  已知圆C2；方程：(x-(0))^2+(y-(0))^2=8.41。

第1步：以P1=(0,0)为圆心，P2=(3.8,0.4)为圆周点作圆C3；方程：(x-(0))^2+(y-(0))^2=14.6。
第2步：以P2=(3.8,0.4)为圆心，P1=(0,0)为圆周点作圆C4；方程：(x-(3.8))^2+(y-(0.4))^2=14.6。
  取C1,C4交点P3=(0.20259101813983138,1.6878853276716002)。
  取C3,C4交点P4=(2.2464101615137757,-3.090896534380867)。
第3步：以P3=(0.20259101813983138,1.6878853276716002)为圆心，P2=(3.8,0.4)为圆周点作圆C5；方程：(x-(0.20259101813983138))^2+(y-(1.6878853276716002))^2=14.6。
  取C4,C5交点P5=(0.8859540981450642,-2.0715049022574186)。
第4步：以P4=(2.2464101615137757,-3.090896534380867)为圆心，P5=(0.8859540981450642,-2.0715049022574186)为圆周点作圆C6；方程：(x-(2.2464101615137757))^2+(y-(-3.090896534380867))^2=2.8899999999999997。
  取C2,C6交点P6=(2.531385034985365,-1.4149522269858235)。
第5步：过P2=(3.8,0.4)，P6=(2.531385034985365,-1.4149522269858235)作直线L1；方程：(-1.4306564852519188)x+(1)y=-5.036494643957291。
  取C4,L1交点P7=(1.6109482735450706,-2.731781049004655)。
第6步：以P7=(1.6109482735450706,-2.731781049004655)为圆心，P2=(3.8,0.4)为圆周点作圆C7；方程：(x-(1.6109482735450706))^2+(y-(-2.731781049004655))^2=14.600000000000001。
  取C4,C7交点P8=(-0.006727810756173458,0.7298838808058252)。
第7步：过P2=(3.8,0.4)，P8=(-0.006727810756173458,0.7298838808058252)作直线L2；方程：(0.08665812141170573)x+(1)y=0.7293008613644817。
  取C1,L2交点P9=(1.5938977822678186,0.5911766738308686)。
第8步：过P6=(2.531385034985365,-1.4149522269858235)，P9=(1.5938977822678186,0.5911766738308686)作直线L3；方程：(2.1398999239738083)x+(1)y=4.0019584169277955。

目标对应：
  目标直线GL1=L2；方程：(0.08665812141170573)x+(1)y=0.7293008613644817。
  目标直线GL2=L3；方程：(2.1398999239738083)x+(1)y=4.0019584169277955。
  目标直线GL3=L1；方程：(-1.4306564852519188)x+(1)y=-5.036494643957291。
  目标点GP1=P9=(1.5938977822678186,0.5911766738308686)。
  目标点GP2=P6=(2.531385034985365,-1.4149522269858235)。

已返回所需的 1 个不同解。
Result status: QUOTA_REACHED
Requested solutions:1
Distinct solutions:1
Successful state visits:1
Search Time:0.049878
Solution output time:0.000115400
Worker threads:8
Nodes:569515
Raw candidates:879546
Unique candidates:569988
============================================================
