============================================================
brute_search v11-r3.1 heuristic
Geometry EPS: 1.000e-11
Search time limit: 20 seconds
Detected system: Windows
Hardware logical processors: 20
Process-available / recommended maximum threads: 20
============================================================

[Step 1/6] Maximum number of NEW construction elements (E).
  E counts only elements constructed by the solver; given lines/circles do NOT count.
  Example: enter 7 to search for a construction using at most 7 new lines/circles.
Enter E limit: 
[Step 3/6] Select allowed construction tools.
  0 = compass only      (construct circles from two known points)
  1 = straightedge only (construct lines through two known points)
  2 = both compass and straightedge
  3 = grid straightedge only
Enter tool type [0/1/2/3]: 
[Step 4/6] Enter counts of GIVEN objects in this exact order:
  P L R S C
  P = points, L = infinite lines, R = rays, S = segments, C = circles.
  Example: '2 1 0 0 0' means 2 points and 1 line are initially given.
Enter P L R S C: 
Given point P1: enter x y.
  Example: '0 0' means P1=(0,0).
P1 = 
Given point P2: enter x y.
  Example: '0 0' means P2=(0,0).
P2 = 
Given circle C1: enter center_x center_y radius.
  This represents (x-center_x)^2 + (y-center_y)^2 = radius^2.
C1 = 
Given circle C2: enter center_x center_y radius.
  This represents (x-center_x)^2 + (y-center_y)^2 = radius^2.
C2 = 
[Step 5/6] Enter ALL construction goals simultaneously.
  Input three integers in this order: number_of_target_lines number_of_target_circles number_of_target_points
  Example: '2 1 3' means the final construction must contain 2 specified lines,
           1 specified circle, and 3 specified points at the same time.
Enter target counts L C P: 
Target line GL1: enter a b c for a*x + b*y = c.
GL1 (a b c) = 
============================================================
Search configuration
  E limit: 8
  Requested distinct solutions: 1
  Tools: compass + straightedge
  Goals: 1 line(s), 0 circle(s), 0 point(s)
  Search engine: v11 heuristic portfolio beam
  Coverage thread slots: auto (shared-prefix DFS, not beam success)
  Beam width / branch limit per worker: 64 / 96
  Seed: 1; restarts: 0 (0 = until time budget)
  Heuristic search may discard paths; failure is NOT exhaustion or an impossibility proof.
  Geometry EPS: 1.000e-11
  Time limit: 20 seconds
  Worker threads: 8 / 20 process-available (20 hardware)
============================================================
Searching...

============================================================

========== 第 1 / 1 个不同解（8E） ==========
Solution found!
Points (56):
(0,0)
(4.7,0.4)
(-1.29531740937,-0.110239779521)
(1.29531740937,0.110239779521)
(2.60756418487,0.221920356159)
(6.79243581513,0.578079643841)
(-0.743129154256,1.06665789272)
(-0.552188255111,-1.17689767224)
(-2.59063481874,-0.220479559041)
(0.698346835448,1.09649974803)
(0.873599332762,-0.962717095412)
(3.49956059697,2.12306274977)
(3.8080035879,-1.50114239361)
(0.515128369735,0.0438407123179)
(0.156189981176,1.29058308132)
(4.95230689267,2.48478805443)
(-7.6375,-0.65)
(-2.33490015289,0.670316252653)
(0.928238214556,1.48281856198)
(-1.25715740748,0.330991318353)
(0.831537738535,-0.999272229871)
(2.79078265058,1.27457939187)
(-1.03561801666,-0.0881377035453)
(-1.39976390841,1.18555763089)
(-0.195705876252,-0.803676493459)
(0.895547539175,-0.994220673851)
(2.41036348114,2.31264077803)
(-1.39289164062,0.904870845638)
(2.63527562649,1.90786086271)
(-1.28312032119,-0.208811497151)
(0.954750487059,0.882298989833)
(4.08181138914,2.40694863945)
(-2.41959869054,-0.762920100049)
(-0.0886916294152,0.373551732552)
(0.56040137358,0.69002763455)
(2.69956029274,1.73300952672)
(-0.811927090964,1.01527060381)
(4.16961814735,2.4319190659)
(-6.25356297963,-0.532218125926)
(-2.40846840977,0.561247264513)
(-0.702078918115,1.04650915283)
(0.955053742567,1.51776341691)
(3.33091313392,2.19340870203)
(-1.3873287984,0.851638255826)
(2.60076595878,1.98576994272)
(-0.328331622956,1.25785465987)
(-0.328324644386,1.25785648144)
(4.16961814724,2.43191906587)
(4.1696294209,2.43192200855)
(-2.2687970556,0.751350249658)
(-0.867125350278,1.11721757637)
(1.03502014096,1.61371963406)
(3.29925904955,2.20473608491)
(-1.39833864788,0.97855915274)
(2.58519427392,2.01834937997)
(4.09086445554,2.41136260994)
Elements (10):
(x-0)^2+(y-0)^2=1.3^2
(x-4.7)^2+(y-0.4)^2=2.1^2
-0.0851063829787x+1y=0 [1]
(x--1.29531740937)^2+(y--0.110239779521)^2=1.3^2
(x-2.60756418487)^2+(y-0.221920356159)^2=2.1^2
-0.248994133203x+1y=1.25169269234 [1]
(x-0.698346835448)^2+(y-1.09649974803)^2=2.1^2
-0.487566343401x+1y=0.416794785997 [1]
-0.284379322945x+1y=1.24616588022 [1]
-0.261022124742x+1y=1.34355647772 [1]

已返回所需的 1 个不同解。
Result status: QUOTA_REACHED
Requested solutions:1
Distinct solutions:1
Successful state visits:1
Search Time:1.371389
Solution output time:0.000161800
Worker threads:8
Nodes:1041717
Raw candidates:30002544
Unique candidates:17058682
Heuristic restarts:32
Heuristic layers:254
Expanded beam states:11616
Evaluated successors:1033907
Candidate paths discarded:16017333
Beam paths discarded:859794
Tail helper calls:242
Beam successful state visits:0
Helper successful state visits:1
Family-diversity discards:1496
Rendezvous proposals:0
Rendezvous replays:0
Rendezvous successful state visits:0
Chain join calls:0
Chain join proposals:0
Chain join replays:0
Chain join successful state visits:0
Point join calls:0
Point join proposals:0
Point join replays:0
Point join successful state visits:0
Coverage tasks:1
Coverage successful state visits:0
Equal-radius probe calls:1
Equal-radius probe prefixes:44
Equal-radius probe completions:0
Equal-radius probe successful state visits:0
Peak beam per worker:64
Search completeness: HEURISTIC (no exhaustive guarantee)
============================================================
