============================================================
brute_search v11-r3.1 heuristic
Geometry EPS: 1.000e-11
Search time limit: 20 seconds
Detected system: Windows
Hardware logical processors: 20
Process-available / recommended maximum threads: 20
============================================================

[Step 1/6] Maximum number of NEW construction elements (E).
  E counts only elements constructed by the solver; given lines/circles do NOT count.
  Example: enter 7 to search for a construction using at most 7 new lines/circles.
Enter E limit: 
[Step 3/6] Select allowed construction tools.
  0 = compass only      (construct circles from two known points)
  1 = straightedge only (construct lines through two known points)
  2 = both compass and straightedge
  3 = grid straightedge only
Enter tool type [0/1/2/3]: 
[Step 4/6] Enter counts of GIVEN objects in this exact order:
  P L R S C
  P = points, L = infinite lines, R = rays, S = segments, C = circles.
  Example: '2 1 0 0 0' means 2 points and 1 line are initially given.
Enter P L R S C: 
Given point P1: enter x y.
  Example: '0 0' means P1=(0,0).
P1 = 
Given point P2: enter x y.
  Example: '0 0' means P2=(0,0).
P2 = 
Given point P3: enter x y.
  Example: '0 0' means P3=(0,0).
P3 = 
Given segment S1: enter x1 y1 x2 y2 for its two endpoints.
S1 = 
Given segment S2: enter x1 y1 x2 y2 for its two endpoints.
S2 = 
Given segment S3: enter x1 y1 x2 y2 for its two endpoints.
S3 = 
[Step 5/6] Enter ALL construction goals simultaneously.
  Input three integers in this order: number_of_target_lines number_of_target_circles number_of_target_points
  Example: '2 1 3' means the final construction must contain 2 specified lines,
           1 specified circle, and 3 specified points at the same time.
Enter target counts L C P: 
Target line GL1: enter a b c for a*x + b*y = c.
GL1 (a b c) = 
Target line GL2: enter a b c for a*x + b*y = c.
GL2 (a b c) = 
Target line GL3: enter a b c for a*x + b*y = c.
GL3 (a b c) = 
Target point GP1: enter x y.
GP1 = 
Target point GP2: enter x y.
GP2 = 
Target point GP3: enter x y.
GP3 = 
============================================================
Search configuration
  E limit: 8
  Requested distinct solutions: 1
  Tools: compass + straightedge
  Goals: 3 line(s), 0 circle(s), 3 point(s)
  Search engine: v11 heuristic portfolio beam
  Coverage thread slots: auto (shared-prefix DFS, not beam success)
  Beam width / branch limit per worker: 64 / 96
  Seed: 1; restarts: 0 (0 = until time budget)
  Heuristic search may discard paths; failure is NOT exhaustion or an impossibility proof.
  Geometry EPS: 1.000e-11
  Time limit: 20 seconds
  Worker threads: 8 / 20 process-available (20 hardware)
============================================================
Searching...

============================================================

========== 第 1 / 1 个不同解（8E） ==========
Solution found!
Points (38):
(0.8,4.3)
(-2.7,0.1)
(4.2,-0.2)
(0.490192378865,-6.02557528611)
(1.00980762114,5.92557528611)
(0.75,-0.05)
(0.931559854897,4.12587666264)
(-0.0196721311475,3.31639344262)
(1.54819239233,3.30974536309)
(0.6,-3.5)
(0.9,3.4)
(0.708619973272,4.19034396793)
(2.61940918519,-0.131278660226)
(-0.862963019232,-4.89748927257)
(-0.436150882295,4.91918987698)
(0.573960746776,-4.09890282416)
(0.926039253224,3.99890282416)
(1.25357980462,-3.46634415427)
(0.611132075472,-0.0439622641509)
(-0.337070517663,5.0072056919)
(1.86024695392,-6.6981193959)
(-0.654196413309,6.69656635566)
(1.59883532399,-5.30555407495)
(0.724098113208,-0.645743396226)
(-0.308940893935,4.85735643498)
(-0.771895651233,-4.99377238021)
(2.43306393185,6.47667109652)
(-1.23444860111,-6.64923396373)
(2.05177460097,5.1120492956)
(0.775901886792,0.545743396226)
(-0.308945252088,-3.336888339)
(-0.730866392465,-4.84693003122)
(-1.74000192145,3.32368800736)
(10.169670168,3.27318846098)
(-8.7921382469,3.35359056746)
(3.41951052273,3.30181057564)
(0.896196085492,3.31250996631)
(-6.9208201165,3.34565578)
Elements (11):
-1.2x+1y=3.34 [3]
0.0434782608696x+1y=-0.0173913043478 [3]
1.32352941176x+1y=5.35882352941 [3]
(x-4.2)^2+(y--0.2)^2=6.90651865993^2
(x--2.7)^2+(y-0.1)^2=6.90651865993^2
-23x+1y=-17.3 [1]
(x-0.75)^2+(y--0.05)^2=3.45325932997^2
(x--2.7)^2+(y-0.1)^2=5.32443460831^2
5.32709780866x+1y=3.2115980759 [1]
-3.57896665445x+1y=-2.23118358373 [1]
0.00424021299675x+1y=3.3163100286 [1]

已返回所需的 1 个不同解。
Result status: QUOTA_REACHED
Requested solutions:1
Distinct solutions:1
Successful state visits:1
Search Time:1.944083
Solution output time:0.000160500
Worker threads:8
Nodes:8292486
Raw candidates:21982578
Unique candidates:18979254
Heuristic restarts:68
Heuristic layers:541
Expanded beam states:26375
Evaluated successors:2203123
Candidate paths discarded:13146805
Beam paths discarded:1789647
Tail helper calls:527
Beam successful state visits:0
Helper successful state visits:1
Family-diversity discards:3319
Rendezvous proposals:0
Rendezvous replays:0
Rendezvous successful state visits:0
Chain join calls:32
Chain join proposals:140821
Chain join replays:140821
Chain join successful state visits:0
Point join calls:32
Point join proposals:584542
Point join replays:1148303
Point join successful state visits:0
Coverage tasks:8
Coverage successful state visits:0
Equal-radius probe calls:1
Equal-radius probe prefixes:100
Equal-radius probe completions:6
Equal-radius probe successful state visits:0
Peak beam per worker:64
Search completeness: HEURISTIC (no exhaustive guarantee)
============================================================
