============================================================
brute_search v10 optimized
Geometry EPS: 1.000e-11
Search time limit: 60 seconds
Detected system: Windows
Hardware logical processors: 20
Process-available / recommended maximum threads: 20
============================================================

[Step 1/6] Maximum number of NEW construction elements (E).
  E counts only elements constructed by the solver; given lines/circles do NOT count.
  Example: enter 7 to search for a construction using at most 7 new lines/circles.
Enter E limit: 
[Step 3/6] Select allowed construction tools.
  0 = compass only      (construct circles from two known points)
  1 = straightedge only (construct lines through two known points)
  2 = both compass and straightedge
  3 = grid straightedge only
Enter tool type [0/1/2/3]: 
[Step 4/6] Enter counts of GIVEN objects in this exact order:
  P L R S C
  P = points, L = infinite lines, R = rays, S = segments, C = circles.
  Example: '2 1 0 0 0' means 2 points and 1 line are initially given.
Enter P L R S C: 
Given point P1: enter x y.
  Example: '0 0' means P1=(0,0).
P1 = 
Given point P2: enter x y.
  Example: '0 0' means P2=(0,0).
P2 = 
Given point P3: enter x y.
  Example: '0 0' means P3=(0,0).
P3 = 
Given segment S1: enter x1 y1 x2 y2 for its two endpoints.
S1 = 
Given segment S2: enter x1 y1 x2 y2 for its two endpoints.
S2 = 
[Step 5/6] Enter ALL construction goals simultaneously.
  Input three integers in this order: number_of_target_lines number_of_target_circles number_of_target_points
  Example: '2 1 3' means the final construction must contain 2 specified lines,
           1 specified circle, and 3 specified points at the same time.
Enter target counts L C P: 
Target line GL1: enter a b c for a*x + b*y = c.
GL1 (a b c) = 
Target point GP1: enter x y.
GP1 = 
Target point GP2: enter x y.
GP2 = 
============================================================
Search configuration
  E limit: 7
  Requested distinct solutions: 1
  Tools: compass + straightedge
  Goals: 1 line(s), 0 circle(s), 2 point(s)
  Geometry EPS: 1.000e-11
  Time limit: 60 seconds
  Worker threads: 8 / 20 process-available (20 hardware)
============================================================
Searching...

============================================================

========== 第 1 / 1 个不同解（7E） ==========
Solution found!
作图步骤（7E）：
已知对象：
  P1=(0,0)。
  P2=(4.8,0)。
  P3=(2.3,3.7)。
  已知线段S1：端点(0,0)和(4.8,0)；所在直线方程：(0)x+(1)y=0。
  已知线段S2：端点(0,0)和(2.3,3.7)；所在直线方程：(-1.6086956521739133)x+(1)y=0。

第1步：以P1=(0,0)为圆心，P3=(2.3,3.7)为圆周点作圆C1；方程：(x-(0))^2+(y-(0))^2=18.98。
  取S1,C1交点P4=(4.356604182158393,0)。
第2步：以P4=(4.356604182158393,0)为圆心，P1=(0,0)为圆周点作圆C2；方程：(x-(4.356604182158393))^2+(y-(0))^2=18.98。
第3步：过P2=(4.8,0)，P3=(2.3,3.7)作直线L1；方程：(1.48)x+(1)y=7.104000000000001。
  取C2,L1交点P5=(7.0914107079553075,-3.391287847773853)。
第4步：以P5=(7.0914107079553075,-3.391287847773853)为圆心，P4=(4.356604182158393,0)为圆周点作圆C3；方程：(x-(7.0914107079553075))^2+(y-(-3.391287847773853))^2=18.98。
  取C1,C3交点P6=(2.7348065257969143,-3.3912878477738517)。
第5步：过P3=(2.3,3.7)，P6=(2.7348065257969143,-3.3912878477738517)作直线L2；方程：(16.309064899099486)x+(1)y=41.21084926792881。
  取S1,L2交点P7=(2.526867697375114,0)。
第6步：以P7=(2.526867697375114,0)为圆心，P2=(4.8,0)为圆周点作圆C4；方程：(x-(2.526867697375114))^2+(y-(0))^2=5.167130465236716。
  取S2,C4交点P8=(1.0999358956114687,1.7694620929401887)。
第7步：过P7=(2.526867697375114,0)，P8=(1.0999358956114687,1.7694620929401887)作直线L3；方程：(1.2400467147436103)x+(1)y=3.133433986721761。

目标对应：
  目标直线GL1=L3；方程：(1.2400467147436103)x+(1)y=3.133433986721761。
  目标点GP1=P7=(2.526867697375114,0)。
  目标点GP2=P8=(1.0999358956114687,1.7694620929401887)。

已返回所需的 1 个不同解。
Result status: QUOTA_REACHED
Requested solutions:1
Distinct solutions:1
Successful state visits:1
Search Time:20.108231
Solution output time:0.000097900
Worker threads:8
Nodes:2256191
Raw candidates:1164739632
Unique candidates:2256157
============================================================
