============================================================
brute_search v10 optimized
Geometry EPS: 1.000e-11
Search time limit: 120 seconds
Detected system: Linux
Hardware logical processors: 32
Process-available / recommended maximum threads: 32
============================================================

[Step 1/6] Maximum number of NEW construction elements (E).
  E counts only elements constructed by the solver; given lines/circles do NOT count.
  Example: enter 7 to search for a construction using at most 7 new lines/circles.
Enter E limit: 
[Step 3/6] Select allowed construction tools.
  0 = compass only      (construct circles from two known points)
  1 = straightedge only (construct lines through two known points)
  2 = both compass and straightedge
  3 = grid straightedge only
Enter tool type [0/1/2/3]: 
[Step 4/6] Enter counts of GIVEN objects in this exact order:
  P L R S C
  P = points, L = infinite lines, R = rays, S = segments, C = circles.
  Example: '2 1 0 0 0' means 2 points and 1 line are initially given.
Enter P L R S C: 
Given point P1: enter x y.
  Example: '0 0' means P1=(0,0).
P1 = 
Given point P2: enter x y.
  Example: '0 0' means P2=(0,0).
P2 = 
Given circle C1: enter center_x center_y radius.
  This represents (x-center_x)^2 + (y-center_y)^2 = radius^2.
C1 = 
Given circle C2: enter center_x center_y radius.
  This represents (x-center_x)^2 + (y-center_y)^2 = radius^2.
C2 = 
[Step 5/6] Enter ALL construction goals simultaneously.
  Input three integers in this order: number_of_target_lines number_of_target_circles number_of_target_points
  Example: '2 1 3' means the final construction must contain 2 specified lines,
           1 specified circle, and 3 specified points at the same time.
Enter target counts L C P: 
Target point GP1: enter x y.
GP1 = 
============================================================
Search configuration
  E limit: 6
  Requested distinct solutions: 1
  Tools: compass + straightedge
  Goals: 0 line(s), 0 circle(s), 1 point(s)
  Geometry EPS: 1.000e-11
  Time limit: 120 seconds
  Worker threads: 1 / 32 process-available (32 hardware)
============================================================
Searching...

============================================================

========== 第 1 / 1 个不同解（6E） ==========
Solution found!
Points (25):
(0,0)
(1.21,0)
(-3.7,0)
(3.7,0)
(-0.22,0)
(2.64,0)
(0.22,0)
(2.80363636364,2.41446125264)
(2.80363636364,-2.41446125264)
(0.592307692308,1.28971167825)
(0.592307692308,-1.28971167825)
(5.06,0)
(0.137024793388,3.69746185998)
(0.137024793388,-3.69746185998)
(-2.64,0)
(-0.572960252068,-3.65536818249)
(-0.19358048142,0.273608903686)
(-0.21593545868,0.0420936774901)
(-0.550605274809,-3.42385295629)
(0.714314214598,-1.34134097162)
(2.08827271522,1.12851098254)
(1.46049125856,0)
(0.674845169563,-1.41229122082)
(-0.467296808722,-3.46542571922)
(3.26988373854,3.25259573014)
Elements (8):
(x-0)^2+(y-0)^2=3.7^2
(x-1.21)^2+(y-0)^2=1.43^2
0x+1y=0 [1]
(x-0)^2+(y-0)^2=0.22^2
(x-2.64)^2+(y-0)^2=2.42^2
(x-1.21)^2+(y-0)^2=3.85^2
-10.3563167837x+1y=2.27838969242 [1]
-1.79761757946x+1y=-2.62540476104 [1]

已返回所需的 1 个不同解。
Result status: QUOTA_REACHED
Requested solutions:1
Distinct solutions:1
Successful state visits:1
Search Time:10.874115
Solution output time:0.000028491
Worker threads:1
Nodes:10737759
Raw candidates:81810999
Unique candidates:10737773
============================================================
