============================================================
brute_search v11-r3 heuristic
Geometry EPS: 1.000e-11
Search time limit: 60 seconds
Detected system: Linux
Hardware logical processors: 32
Process-available / recommended maximum threads: 32
============================================================

[Step 1/6] Maximum number of NEW construction elements (E).
  E counts only elements constructed by the solver; given lines/circles do NOT count.
  Example: enter 7 to search for a construction using at most 7 new lines/circles.
Enter E limit: 
[Step 3/6] Select allowed construction tools.
  0 = compass only      (construct circles from two known points)
  1 = straightedge only (construct lines through two known points)
  2 = both compass and straightedge
  3 = grid straightedge only
Enter tool type [0/1/2/3]: 
[Step 4/6] Enter counts of GIVEN objects in this exact order:
  P L R S C
  P = points, L = infinite lines, R = rays, S = segments, C = circles.
  Example: '2 1 0 0 0' means 2 points and 1 line are initially given.
Enter P L R S C: 
Given point P1: enter x y.
  Example: '0 0' means P1=(0,0).
P1 = 
Given point P2: enter x y.
  Example: '0 0' means P2=(0,0).
P2 = 
Given circle C1: enter center_x center_y radius.
  This represents (x-center_x)^2 + (y-center_y)^2 = radius^2.
C1 = 
Given circle C2: enter center_x center_y radius.
  This represents (x-center_x)^2 + (y-center_y)^2 = radius^2.
C2 = 
[Step 5/6] Enter ALL construction goals simultaneously.
  Input three integers in this order: number_of_target_lines number_of_target_circles number_of_target_points
  Example: '2 1 3' means the final construction must contain 2 specified lines,
           1 specified circle, and 3 specified points at the same time.
Enter target counts L C P: 
Target line GL1: enter a b c for a*x + b*y = c.
GL1 (a b c) = 
Target line GL2: enter a b c for a*x + b*y = c.
GL2 (a b c) = 
Target line GL3: enter a b c for a*x + b*y = c.
GL3 (a b c) = 
Target point GP1: enter x y.
GP1 = 
Target point GP2: enter x y.
GP2 = 
============================================================
Search configuration
  E limit: 8
  Requested distinct solutions: 1
  Tools: compass + straightedge
  Goals: 3 line(s), 0 circle(s), 2 point(s)
  Search engine: v11 heuristic portfolio beam
  Beam width / branch limit per worker: 64 / 96
  Seed: 1; restarts: 0 (0 = until time budget)
  Heuristic search may discard paths; failure is NOT exhaustion or an impossibility proof.
  Geometry EPS: 1.000e-11
  Time limit: 60 seconds
  Worker threads: 8 / 32 process-available (32 hardware)
============================================================
Searching...

============================================================

========== 第 1 / 1 个不同解（8E） ==========
Solution found!
作图步骤（8E）：
已知对象：
  P1=(0,0)。
  P2=(3.8,0.4)。
  已知圆C1；方程：(x-(0))^2+(y-(0))^2=2.8899999999999997。
  已知圆C2；方程：(x-(0))^2+(y-(0))^2=8.41。

第1步：以P2=(3.8,0.4)为圆心，P1=(0,0)为圆周点作圆C3；方程：(x-(3.8))^2+(y-(0.4))^2=14.6。
  取C2,C3交点P3=(0.8135747131204973,2.783540225355276)。
第2步：以P3=(0.8135747131204973,2.783540225355276)为圆心，P2=(3.8,0.4)为圆周点作圆C4；方程：(x-(0.8135747131204973))^2+(y-(2.783540225355276))^2=14.600000000000001。
  取C1,C4交点P4=(1.3780090433864418,-0.9955355726166615)。
  取C3,C4交点P5=(0.24258097046049343,-0.9945500522642416)。
第3步：过P4=(1.3780090433864418,-0.9955355726166615)，P5=(0.24258097046049343,-0.9945500522642416)作直线L1；方程：(0.0008679725082718716)x+(1)y=-0.9943394986508519。
  取C3,L1交点P6=(7.354992809003619,-1.0007234302076045)。
第4步：以P6=(7.354992809003619,-1.0007234302076045)为圆心，P4=(1.3780090433864418,-0.9955355726166615)为圆周点作圆C5；方程：(x-(7.354992809003619))^2+(y-(-1.0007234302076045))^2=35.72436184831768。
  取C1,C5交点P7=(1.5938977822678178,0.5911766738308666)。
第5步：以P7=(1.5938977822678178,0.5911766738308666)为圆心，P2=(3.8,0.4)为圆周点作圆C6；方程：(x-(1.5938977822678178))^2+(y-(0.5911766738308666))^2=4.9034355156998854。
  取C2,C6交点P8=(2.5313850349853633,-1.4149522269858266)。
第6步：过P7=(1.5938977822678178,0.5911766738308666)，P8=(2.5313850349853633,-1.4149522269858266)作直线L2；方程：(2.1398999239738115)x+(1)y=4.001958416927797。
第7步：过P2=(3.8,0.4)，P8=(2.5313850349853633,-1.4149522269858266)作直线L3；方程：(-1.4306564852519192)x+(1)y=-5.036494643957293。
第8步：过P2=(3.8,0.4)，P7=(1.5938977822678178,0.5911766738308666)作直线L4；方程：(0.08665812141170476)x+(1)y=0.7293008613644781。

目标对应：
  目标直线GL1=L4；方程：(0.08665812141170476)x+(1)y=0.7293008613644781。
  目标直线GL2=L2；方程：(2.1398999239738115)x+(1)y=4.001958416927797。
  目标直线GL3=L3；方程：(-1.4306564852519192)x+(1)y=-5.036494643957293。
  目标点GP1=P7=(1.5938977822678178,0.5911766738308666)。
  目标点GP2=P8=(2.5313850349853633,-1.4149522269858266)。

已返回所需的 1 个不同解。
Result status: QUOTA_REACHED
Requested solutions:1
Distinct solutions:1
Successful state visits:1
Search Time:0.037669
Solution output time:0.000043241
Worker threads:8
Nodes:233703
Raw candidates:842378
Unique candidates:744976
Heuristic restarts:8
Heuristic layers:51
Expanded beam states:1826
Evaluated successors:160851
Candidate paths discarded:579148
Beam paths discarded:159028
Tail helper calls:7
Beam successful state visits:0
Helper successful state visits:1
Family-diversity discards:1077
Rendezvous proposals:0
Rendezvous replays:0
Rendezvous successful state visits:0
Chain join calls:8
Chain join proposals:72736
Chain join replays:72736
Chain join successful state visits:0
Point join calls:4
Point join proposals:0
Point join replays:0
Point join successful state visits:0
Peak beam per worker:64
Search completeness: HEURISTIC (no exhaustive guarantee)
============================================================
