============================================================
brute_search v11-r2 heuristic
Geometry EPS: 1.000e-11
Search time limit: 60 seconds
Detected system: Linux
Hardware logical processors: 32
Process-available / recommended maximum threads: 32
============================================================

[Step 1/6] Maximum number of NEW construction elements (E).
  E counts only elements constructed by the solver; given lines/circles do NOT count.
  Example: enter 7 to search for a construction using at most 7 new lines/circles.
Enter E limit: 
[Step 3/6] Select allowed construction tools.
  0 = compass only      (construct circles from two known points)
  1 = straightedge only (construct lines through two known points)
  2 = both compass and straightedge
  3 = grid straightedge only
Enter tool type [0/1/2/3]: 
[Step 4/6] Enter counts of GIVEN objects in this exact order:
  P L R S C
  P = points, L = infinite lines, R = rays, S = segments, C = circles.
  Example: '2 1 0 0 0' means 2 points and 1 line are initially given.
Enter P L R S C: 
Given point P1: enter x y.
  Example: '0 0' means P1=(0,0).
P1 = 
Given point P2: enter x y.
  Example: '0 0' means P2=(0,0).
P2 = 
Given point P3: enter x y.
  Example: '0 0' means P3=(0,0).
P3 = 
Given segment S1: enter x1 y1 x2 y2 for its two endpoints.
S1 = 
[Step 5/6] Enter ALL construction goals simultaneously.
  Input three integers in this order: number_of_target_lines number_of_target_circles number_of_target_points
  Example: '2 1 3' means the final construction must contain 2 specified lines,
           1 specified circle, and 3 specified points at the same time.
Enter target counts L C P: 
Target line GL1: enter a b c for a*x + b*y = c.
GL1 (a b c) = 
Target line GL2: enter a b c for a*x + b*y = c.
GL2 (a b c) = 
Target point GP1: enter x y.
GP1 = 
============================================================
Search configuration
  E limit: 9
  Requested distinct solutions: 1
  Tools: compass + straightedge
  Goals: 2 line(s), 0 circle(s), 1 point(s)
  Search engine: v11 heuristic portfolio beam
  Beam width / branch limit per worker: 64 / 96
  Seed: 1; restarts: 0 (0 = until time budget)
  Heuristic search may discard paths; failure is NOT exhaustion or an impossibility proof.
  Geometry EPS: 1.000e-11
  Time limit: 60 seconds
  Worker threads: 8 / 32 process-available (32 hardware)
============================================================
Searching...

============================================================

========== 第 1 / 1 个不同解（9E） ==========
Solution found!
作图步骤（9E）：
已知对象：
  P1=(0,0)。
  P2=(7.1,0)。
  P3=(2.3,0)。
  已知线段S1：端点(0,0)和(7.1,0)；所在直线方程：(0)x+(1)y=0。

第1步：以P2=(7.1,0)为圆心，P1=(0,0)为圆周点作圆C1；方程：(x-(7.1))^2+(y-(0))^2=50.41。
第2步：以P1=(0,0)为圆心，P2=(7.1,0)为圆周点作圆C2；方程：(x-(0))^2+(y-(0))^2=50.41。
  取C1,C2交点P4=(3.55,6.148780366869514)。
  取C1,C2交点P5=(3.55,-6.148780366869514)。
第3步：过P4=(3.55,6.148780366869514)，P5=(3.55,-6.148780366869514)作直线L1；方程：(1)x+(0)y=3.55。
  取S1,L1交点P6=(3.55,0)。
第4步：以P6=(3.55,0)为圆心，P1=(0,0)为圆周点作圆C3；方程：(x-(3.55))^2+(y-(0))^2=12.6025。
  取L1,C3交点P7=(3.55,-3.55)。
第5步：以P3=(2.3,0)为圆心，P1=(0,0)为圆周点作圆C4；方程：(x-(2.3))^2+(y-(0))^2=5.289999999999999。
  取S1,C4交点P8=(4.6,0)。
第6步：以P2=(7.1,0)为圆心，P8=(4.6,0)为圆周点作圆C5；方程：(x-(7.1))^2+(y-(0))^2=6.25。
第7步：以P7=(3.55,-3.55)为圆心，P1=(0,0)为圆周点作圆C6；方程：(x-(3.55))^2+(y-(-3.55))^2=25.205。
  取C5,C6交点P9=(4.947762184398791,1.2719561254603633)。
第8步：过P2=(7.1,0)，P9=(4.947762184398791,1.2719561254603633)作直线L2；方程：(0.5909923690775101)x+(1)y=4.196045820450321。
  取C3,L2交点P10=(1.837903029469214,3.109859154929577)。
第9步：过P1=(0,0)，P10=(1.837903029469214,3.109859154929577)作直线L3；方程：(-1.6920692251253884)x+(1)y=0。

目标对应：
  目标直线GL1=L3；方程：(-1.6920692251253884)x+(1)y=0。
  目标直线GL2=L2；方程：(0.5909923690775101)x+(1)y=4.196045820450321。
  目标点GP1=P10=(1.837903029469214,3.109859154929577)。

已返回所需的 1 个不同解。
Result status: QUOTA_REACHED
Requested solutions:1
Distinct solutions:1
Successful state visits:1
Search Time:11.636770
Solution output time:0.000037270
Worker threads:8
Nodes:50222817
Raw candidates:317802120
Unique candidates:278565524
Heuristic restarts:419
Heuristic layers:3766
Expanded beam states:180830
Evaluated successors:14811090
Candidate paths discarded:228354030
Beam paths discarded:12093014
Tail helper calls:3330
Beam successful state visits:0
Helper successful state visits:1
Family-diversity discards:30438
Rendezvous proposals:0
Rendezvous replays:0
Rendezvous successful state visits:0
Peak beam per worker:64
Search completeness: HEURISTIC (no exhaustive guarantee)
============================================================
