============================================================
brute_search v11-r2 heuristic
Geometry EPS: 1.000e-11
Search time limit: 60 seconds
Detected system: Linux
Hardware logical processors: 32
Process-available / recommended maximum threads: 32
============================================================

[Step 1/6] Maximum number of NEW construction elements (E).
  E counts only elements constructed by the solver; given lines/circles do NOT count.
  Example: enter 7 to search for a construction using at most 7 new lines/circles.
Enter E limit: 
[Step 3/6] Select allowed construction tools.
  0 = compass only      (construct circles from two known points)
  1 = straightedge only (construct lines through two known points)
  2 = both compass and straightedge
  3 = grid straightedge only
Enter tool type [0/1/2/3]: 
[Step 4/6] Enter counts of GIVEN objects in this exact order:
  P L R S C
  P = points, L = infinite lines, R = rays, S = segments, C = circles.
  Example: '2 1 0 0 0' means 2 points and 1 line are initially given.
Enter P L R S C: 
Given point P1: enter x y.
  Example: '0 0' means P1=(0,0).
P1 = 
Given point P2: enter x y.
  Example: '0 0' means P2=(0,0).
P2 = 
Given point P3: enter x y.
  Example: '0 0' means P3=(0,0).
P3 = 
Given segment S1: enter x1 y1 x2 y2 for its two endpoints.
S1 = 
Given segment S2: enter x1 y1 x2 y2 for its two endpoints.
S2 = 
Given segment S3: enter x1 y1 x2 y2 for its two endpoints.
S3 = 
[Step 5/6] Enter ALL construction goals simultaneously.
  Input three integers in this order: number_of_target_lines number_of_target_circles number_of_target_points
  Example: '2 1 3' means the final construction must contain 2 specified lines,
           1 specified circle, and 3 specified points at the same time.
Enter target counts L C P: 
Target line GL1: enter a b c for a*x + b*y = c.
GL1 (a b c) = 
Target line GL2: enter a b c for a*x + b*y = c.
GL2 (a b c) = 
Target point GP1: enter x y.
GP1 = 
Target point GP2: enter x y.
GP2 = 
Target point GP3: enter x y.
GP3 = 
============================================================
Search configuration
  E limit: 8
  Requested distinct solutions: 1
  Tools: compass + straightedge
  Goals: 2 line(s), 0 circle(s), 3 point(s)
  Search engine: v11 heuristic portfolio beam
  Beam width / branch limit per worker: 64 / 96
  Seed: 1; restarts: 0 (0 = until time budget)
  Heuristic search may discard paths; failure is NOT exhaustion or an impossibility proof.
  Geometry EPS: 1.000e-11
  Time limit: 60 seconds
  Worker threads: 8 / 32 process-available (32 hardware)
============================================================
Searching...

============================================================

========== 第 1 / 1 个不同解（8E） ==========
Solution found!
作图步骤（8E）：
已知对象：
  P1=(0,0)。
  P2=(6.7,0)。
  P3=(2.4,4.1)。
  已知线段S1：端点(0,0)和(6.7,0)；所在直线方程：(0)x+(1)y=0。
  已知线段S2：端点(6.7,0)和(2.4,4.1)；所在直线方程：(0.9534883720930231)x+(1)y=6.388372093023254。
  已知线段S3：端点(2.4,4.1)和(0,0)；所在直线方程：(-1.7083333333333333)x+(1)y=0。

第1步：以P3=(2.4,4.1)为圆心，P1=(0,0)为圆周点作圆C1；方程：(x-(2.4))^2+(y-(4.1))^2=22.57。
  取S1,C1交点P4=(4.800000000000001,0)。
第2步：以P1=(0,0)为圆心，P4=(4.800000000000001,0)为圆周点作圆C2；方程：(x-(0))^2+(y-(0))^2=23.040000000000006。
  取C1,C2交点P5=(-2.350022153300841,4.185378821444395)。
第3步：过P1=(0,0)，P3=(2.4,4.1)作直线L1；方程：(-1.7083333333333333)x+(1)y=0。
  取C2,L1交点P6=(-2.4248601675308996,-4.142469452865286)。
第4步：过P2=(6.7,0)，P6=(-2.4248601675308996,-4.142469452865286)作直线L2；方程：(-0.453976211888209)x+(1)y=-3.0416406196510004。
第5步：过P1=(0,0)，P5=(-2.350022153300841,4.185378821444395)作直线L3；方程：(1.7809954751131227)x+(1)y=0。
  取L2,L3交点P7=(1.36093026920264,-2.4238106513943856)。
第6步：以P1=(0,0)为圆心，P7=(1.36093026920264,-2.4238106513943856)为圆周点作圆C3；方程：(x-(0))^2+(y-(0))^2=7.726989271444846。
  取S1,C3交点P8=(2.779746260262768,0)。
  取S3,C3交点P9=(1.4042699963237848,2.398961243719799)。
第7步：过P7=(1.36093026920264,-2.4238106513943856)，P8=(2.779746260262768,0)作直线L4；方程：(-1.7083333333333333)x+(1)y=-4.7487331946155615。
  取S2,L4交点P10=(4.184016256586553,2.3989612437197985)。
第8步：过P9=(1.4042699963237848,2.398961243719799)，P10=(4.184016256586553,2.3989612437197985)作直线L5；方程：(0)x+(1)y=2.398961243719799。

目标对应：
  目标直线GL1=L4；方程：(-1.7083333333333333)x+(1)y=-4.7487331946155615。
  目标直线GL2=L5；方程：(0)x+(1)y=2.398961243719799。
  目标点GP1=P8=(2.779746260262768,0)。
  目标点GP2=P9=(1.4042699963237848,2.398961243719799)。
  目标点GP3=P10=(4.184016256586553,2.3989612437197985)。

已返回所需的 1 个不同解。
Result status: QUOTA_REACHED
Requested solutions:1
Distinct solutions:1
Successful state visits:1
Search Time:0.482957
Solution output time:0.000039850
Worker threads:8
Nodes:2235931
Raw candidates:10104074
Unique candidates:8668380
Heuristic restarts:32
Heuristic layers:247
Expanded beam states:11792
Evaluated successors:959499
Candidate paths discarded:6432729
Beam paths discarded:792505
Tail helper calls:222
Beam successful state visits:0
Helper successful state visits:1
Family-diversity discards:2138
Rendezvous proposals:0
Rendezvous replays:0
Rendezvous successful state visits:0
Peak beam per worker:64
Search completeness: HEURISTIC (no exhaustive guarantee)
============================================================
