============================================================
brute_search v11-r2 heuristic
Geometry EPS: 1.000e-11
Search time limit: 60 seconds
Detected system: Linux
Hardware logical processors: 32
Process-available / recommended maximum threads: 32
============================================================

[Step 1/6] Maximum number of NEW construction elements (E).
  E counts only elements constructed by the solver; given lines/circles do NOT count.
  Example: enter 7 to search for a construction using at most 7 new lines/circles.
Enter E limit: 
[Step 3/6] Select allowed construction tools.
  0 = compass only      (construct circles from two known points)
  1 = straightedge only (construct lines through two known points)
  2 = both compass and straightedge
  3 = grid straightedge only
Enter tool type [0/1/2/3]: 
[Step 4/6] Enter counts of GIVEN objects in this exact order:
  P L R S C
  P = points, L = infinite lines, R = rays, S = segments, C = circles.
  Example: '2 1 0 0 0' means 2 points and 1 line are initially given.
Enter P L R S C: 
Given point P1: enter x y.
  Example: '0 0' means P1=(0,0).
P1 = 
Given point P2: enter x y.
  Example: '0 0' means P2=(0,0).
P2 = 
Given ray R1: enter x1 y1 x2 y2.
  The ray starts at (x1,y1) and passes through (x2,y2).
R1 = 
[Step 5/6] Enter ALL construction goals simultaneously.
  Input three integers in this order: number_of_target_lines number_of_target_circles number_of_target_points
  Example: '2 1 3' means the final construction must contain 2 specified lines,
           1 specified circle, and 3 specified points at the same time.
Enter target counts L C P: 
Target line GL1: enter a b c for a*x + b*y = c.
GL1 (a b c) = 
============================================================
Search configuration
  E limit: 7
  Requested distinct solutions: 1
  Tools: compass + straightedge
  Goals: 1 line(s), 0 circle(s), 0 point(s)
  Search engine: v11 heuristic portfolio beam
  Beam width / branch limit per worker: 64 / 96
  Seed: 1; restarts: 0 (0 = until time budget)
  Heuristic search may discard paths; failure is NOT exhaustion or an impossibility proof.
  Geometry EPS: 1.000e-11
  Time limit: 60 seconds
  Worker threads: 8 / 32 process-available (32 hardware)
============================================================
Searching...

============================================================

========== 第 1 / 1 个不同解（7E） ==========
Solution found!
作图步骤（7E）：
已知对象：
  P1=(0,0)。
  P2=(1,0)。
  已知射线R1：起点(0,0)，经过(1,0)；所在直线方程：(0)x+(1)y=0。

第1步：以P2=(1,0)为圆心，P1=(0,0)为圆周点作圆C1；方程：(x-(1))^2+(y-(0))^2=1。
  取R1,C1交点P3=(2,0)。
第2步：以P3=(2,0)为圆心，P2=(1,0)为圆周点作圆C2；方程：(x-(2))^2+(y-(0))^2=1。
  取R1,C2交点P4=(3,0)。
  取C1,C2交点P5=(1.5,0.8660254037844386)。
第3步：以P4=(3,0)为圆心，P5=(1.5,0.8660254037844386)为圆周点作圆C3；方程：(x-(3))^2+(y-(0))^2=3。
  取R1,C3交点P6=(4.732050807568877,0)。
第4步：过P5=(1.5,0.8660254037844386)，P6=(4.732050807568877,0)作直线L1；方程：(0.26794919243112275)x+(1)y=1.2679491924311226。
  取C1,L1交点P7=(0.9999999999999992,1)。
第5步：过P3=(2,0)，P7=(0.9999999999999992,1)作直线L2；方程：(0.9999999999999991)x+(1)y=1.9999999999999982。
  取C3,L2交点P8=(3.618033988749896,-1.6180339887498945)。
第6步：以P1=(0,0)为圆心，P8=(3.618033988749896,-1.6180339887498945)为圆周点作圆C4；方程：(x-(0))^2+(y-(0))^2=15.708203932499375。
  取L1,C4交点P9=(3.9579260149906803,0.2074261130122379)。
第7步：过P1=(0,0)，P9=(3.9579260149906803,0.2074261130122379)作直线L3；方程：(-0.05240777928304108)x+(1)y=0。

目标对应：
  目标直线GL1=L3；方程：(-0.05240777928304108)x+(1)y=0。

已返回所需的 1 个不同解。
Result status: QUOTA_REACHED
Requested solutions:1
Distinct solutions:1
Successful state visits:1
Search Time:2.488080
Solution output time:0.000025750
Worker threads:8
Nodes:11448779
Raw candidates:117651428
Unique candidates:72104965
Heuristic restarts:575
Heuristic layers:4022
Expanded beam states:152181
Evaluated successors:11321435
Candidate paths discarded:60661438
Beam paths discarded:7682378
Tail helper calls:4589
Beam successful state visits:0
Helper successful state visits:1
Family-diversity discards:25684
Rendezvous proposals:0
Rendezvous replays:0
Rendezvous successful state visits:0
Peak beam per worker:64
Search completeness: HEURISTIC (no exhaustive guarantee)
============================================================
