============================================================
brute_search v11-r3.2 heuristic
Geometry EPS: 1.000e-11
Search time limit: 90 seconds
Detected system: Linux
Hardware logical processors: 32
Process-available / recommended maximum threads: 32
============================================================

[Step 1/6] Maximum number of NEW construction elements (E).
  E counts only elements constructed by the solver; given lines/circles do NOT count.
  Example: enter 7 to search for a construction using at most 7 new lines/circles.
Enter E limit: 
[Step 3/6] Select allowed construction tools.
  0 = compass only      (construct circles from two known points)
  1 = straightedge only (construct lines through two known points)
  2 = both compass and straightedge
  3 = grid straightedge only
Enter tool type [0/1/2/3]: 
[Step 4/6] Enter counts of GIVEN objects in this exact order:
  P L R S C
  P = points, L = infinite lines, R = rays, S = segments, C = circles.
  Example: '2 1 0 0 0' means 2 points and 1 line are initially given.
Enter P L R S C: 
Given point P1: enter x y.
  Example: '0 0' means P1=(0,0).
P1 = 
Given point P2: enter x y.
  Example: '0 0' means P2=(0,0).
P2 = 
Given circle C1: enter center_x center_y radius.
  This represents (x-center_x)^2 + (y-center_y)^2 = radius^2.
C1 = 
Given circle C2: enter center_x center_y radius.
  This represents (x-center_x)^2 + (y-center_y)^2 = radius^2.
C2 = 
[Step 5/6] Enter ALL construction goals simultaneously.
  Input three integers in this order: number_of_target_lines number_of_target_circles number_of_target_points
  Example: '2 1 3' means the final construction must contain 2 specified lines,
           1 specified circle, and 3 specified points at the same time.
Enter target counts L C P: 
Target line GL1: enter a b c for a*x + b*y = c.
GL1 (a b c) = 
============================================================
Search configuration
  E limit: 8
  Requested distinct solutions: 1
  Tools: compass + straightedge
  Goals: 1 line(s), 0 circle(s), 0 point(s)
  Search engine: v11 heuristic portfolio beam
  Coverage thread slots: auto (shared-prefix DFS, not beam success)
  Beam width / branch limit per worker: 64 / 96
  Seed: 2; restarts: 0 (0 = until time budget)
  Heuristic search may discard paths; failure is NOT exhaustion or an impossibility proof.
  Geometry EPS: 1.000e-11
  Time limit: 90 seconds
  Worker threads: 8 / 32 process-available (32 hardware)
============================================================
Searching...

============================================================

========== 第 1 / 1 个不同解（8E） ==========
Solution found!
作图步骤（8E）：
已知对象：
  P1=(0,0)。
  P2=(4.7,0.4)。
  已知圆C1；方程：(x-(0))^2+(y-(0))^2=1.6900000000000002。
  已知圆C2；方程：(x-(4.7))^2+(y-(0.4))^2=4.41。

第1步：过P1=(0,0)，P2=(4.7,0.4)作直线L1；方程：(-0.0851063829787234)x+(1)y=0。
  取C1,L1交点P3=(-1.295317409367772,-0.11023977952066144)。
  取C1,L1交点P4=(1.295317409367772,0.11023977952066144)。
  取C2,L1交点P5=(6.792435815132555,0.5780796438410685)。
第2步：以P4=(1.295317409367772,0.11023977952066144)为圆心，P1=(0,0)为圆周点作圆C3；方程：(x-(1.295317409367772))^2+(y-(0.11023977952066144))^2=1.6900000000000002。
  取C1,C3交点P6=(0.5521882551113977,1.1768976722370685)。
第3步：以P5=(6.792435815132555,0.5780796438410685)为圆心，P2=(4.7,0.4)为圆周点作圆C4；方程：(x-(6.792435815132555))^2+(y-(0.5780796438410685))^2=4.409999999999999。
  取C2,C4交点P7=(5.591996412103027,2.301142393613726)。
第4步：过P6=(0.5521882551113977,1.1768976722370685)，P7=(5.591996412103027,2.301142393613726)作直线L2；方程：(-0.22307291991204356)x+(1)y=1.0537194258282327。
  取L1,L2交点P8=(-7.637499999999999,-0.6499999999999999)。
第5步：以P1=(0,0)为圆心，P8=(-7.637499999999999,-0.6499999999999999)为圆周点作圆C5；方程：(x-(0))^2+(y-(0))^2=58.753906249999986。
  取L1,C5交点P9=(7.637499999999999,0.6499999999999999)。
第6步：以P3=(-1.295317409367772,-0.11023977952066144)为圆心，P8=(-7.637499999999999,-0.6499999999999999)为圆周点作圆C6；方程：(x-(-1.295317409367772))^2+(y-(-0.11023977952066144))^2=40.51462110853041。
  取L1,C6交点P10=(5.0468651812644545,0.42952044095867703)。
第7步：以P9=(7.637499999999999,0.6499999999999999)为圆心，P10=(5.0468651812644545,0.42952044095867703)为圆周点作圆C7；方程：(x-(7.637499999999999))^2+(y-(0.6499999999999999))^2=6.760000000000006。
  取C5,C7交点P11=(6.980843732653728,3.1657111413186665)。
第8步：过P8=(-7.637499999999999,-0.6499999999999999)，P11=(6.980843732653728,3.1657111413186665)作直线L3；方程：(-0.26102212474285447)x+(1)y=1.3435564777235511。

目标对应：
  目标直线GL1=L3；方程：(-0.26102212474285447)x+(1)y=1.3435564777235511。

已返回所需的 1 个不同解。
Result status: QUOTA_REACHED
Requested solutions:1
Distinct solutions:1
Successful state visits:1
Search Time:0.859620
Solution output time:0.000036321
Worker threads:8
Nodes:1555177
Raw candidates:33142708
Unique candidates:19969873
Heuristic restarts:37
Heuristic layers:294
Expanded beam states:13470
Evaluated successors:1199572
Candidate paths discarded:18415333
Beam paths discarded:989818
Tail helper calls:285
Beam successful state visits:0
Helper successful state visits:1
Family-diversity discards:2261
Rendezvous proposals:0
Rendezvous replays:0
Rendezvous successful state visits:0
Chain join calls:0
Chain join proposals:0
Chain join replays:0
Chain join successful state visits:0
Point join calls:0
Point join proposals:0
Point join replays:0
Point join successful state visits:0
Coverage tasks:1
Coverage successful state visits:0
Equal-radius probe calls:1
Equal-radius probe prefixes:44
Equal-radius probe completions:0
Equal-radius probe successful state visits:0
Prerequisite probe calls:1
Prerequisite operations:62
Goal finish calls:113
Prerequisite successful state visits:0
Peak beam per worker:64
Search completeness: HEURISTIC (no exhaustive guarantee)
============================================================
