============================================================
brute_search v10 optimized
Geometry EPS: 1.000e-11
Search time limit: 90 seconds
Detected system: Windows
Hardware logical processors: 20
Process-available / recommended maximum threads: 20
============================================================

[Step 1/6] Maximum number of NEW construction elements (E).
  E counts only elements constructed by the solver; given lines/circles do NOT count.
  Example: enter 7 to search for a construction using at most 7 new lines/circles.
Enter E limit: 
[Step 3/6] Select allowed construction tools.
  0 = compass only      (construct circles from two known points)
  1 = straightedge only (construct lines through two known points)
  2 = both compass and straightedge
  3 = grid straightedge only
Enter tool type [0/1/2/3]: 
[Step 4/6] Enter counts of GIVEN objects in this exact order:
  P L R S C
  P = points, L = infinite lines, R = rays, S = segments, C = circles.
  Example: '2 1 0 0 0' means 2 points and 1 line are initially given.
Enter P L R S C: 
Given point P1: enter x y.
  Example: '0 0' means P1=(0,0).
P1 = 
Given point P2: enter x y.
  Example: '0 0' means P2=(0,0).
P2 = 
Given point P3: enter x y.
  Example: '0 0' means P3=(0,0).
P3 = 
Given segment S1: enter x1 y1 x2 y2 for its two endpoints.
S1 = 
Given segment S2: enter x1 y1 x2 y2 for its two endpoints.
S2 = 
Given segment S3: enter x1 y1 x2 y2 for its two endpoints.
S3 = 
[Step 5/6] Enter ALL construction goals simultaneously.
  Input three integers in this order: number_of_target_lines number_of_target_circles number_of_target_points
  Example: '2 1 3' means the final construction must contain 2 specified lines,
           1 specified circle, and 3 specified points at the same time.
Enter target counts L C P: 
Target line GL1: enter a b c for a*x + b*y = c.
GL1 (a b c) = 
Target line GL2: enter a b c for a*x + b*y = c.
GL2 (a b c) = 
Target line GL3: enter a b c for a*x + b*y = c.
GL3 (a b c) = 
Target point GP1: enter x y.
GP1 = 
Target point GP2: enter x y.
GP2 = 
Target point GP3: enter x y.
GP3 = 
============================================================
Search configuration
  E limit: 8
  Requested distinct solutions: 1
  Tools: compass + straightedge
  Goals: 3 line(s), 0 circle(s), 3 point(s)
  Geometry EPS: 1.000e-11
  Time limit: 90 seconds
  Worker threads: 8 / 20 process-available (20 hardware)
============================================================
Searching...

============================================================

========== 第 1 / 1 个不同解（8E） ==========
Solution found!
作图步骤（8E）：
已知对象：
  P1=(0.8,4.3)。
  P2=(-2.7,0.1)。
  P3=(4.2,-0.2)。
  已知线段S1：端点(0.8,4.3)和(-2.7,0.1)；所在直线方程：(-1.2)x+(1)y=3.34。
  已知线段S2：端点(-2.7,0.1)和(4.2,-0.2)；所在直线方程：(0.04347826086956522)x+(1)y=-0.017391304347826084。
  已知线段S3：端点(4.2,-0.2)和(0.8,4.3)；所在直线方程：(1.3235294117647058)x+(1)y=5.358823529411763。

第1步：以P2=(-2.7,0.1)为圆心，P1=(0.8,4.3)为圆周点作圆C1；方程：(x-(-2.7))^2+(y-(0.1))^2=29.89。
第2步：以P1=(0.8,4.3)为圆心，P2=(-2.7,0.1)为圆周点作圆C2；方程：(x-(0.8))^2+(y-(4.3))^2=29.89。
  取C1,C2交点P4=(-4.587306695894643,5.231088913245534)。
  取C1,C2交点P5=(2.6873066958946423,-0.8310889132455355)。
第3步：过P4=(-4.587306695894643,5.231088913245534)，P5=(2.6873066958946423,-0.8310889132455355)作直线L1；方程：(0.833333333333333)x+(1)y=1.4083333333333323。
  取S1,L1交点P6=(-0.9500000000000005,2.199999999999999)。
第4步：以P6=(-0.9500000000000005,2.199999999999999)为圆心，P1=(0.8,4.3)为圆周点作圆C3；方程：(x-(-0.9500000000000005))^2+(y-(2.199999999999999))^2=7.4725000000000055。
  取S2,C3交点P7=(0.6111320754717008,-0.04396226415094384)。
  取S3,C3交点P8=(1.5481923923294576,3.3097453630933638)。
第5步：过P7=(0.6111320754717008,-0.04396226415094384)，P8=(1.5481923923294576,3.3097453630933638)作直线L2；方程：(-3.578966654452182)x+(1)y=-2.2311835837303153。
  取C1,L2交点P9=(-0.7788037883519296,-5.018496372602906)。
第6步：以P3=(4.2,-0.2)为圆心，P9=(-0.7788037883519296,-5.018496372602906)为圆周点作圆C4；方程：(x-(4.2))^2+(y-(-0.2))^2=48.00639445569489。
  取C1,C4交点P10=(-0.34180673039638787,5.0324359603745705)。
第7步：过P7=(0.6111320754717008,-0.04396226415094384)，P10=(-0.34180673039638787,5.0324359603745705)作直线L3；方程：(5.327097808658469)x+(1)y=3.2115980758952563。
  取S1,L3交点P11=(-0.019672131147538966,3.3163934426229527)。
第8步：过P8=(1.5481923923294576,3.3097453630933638)，P11=(-0.019672131147538966,3.3163934426229527)作直线L4；方程：(0.00424021299674904)x+(1)y=3.3163100285967873。

目标对应：
  目标直线GL1=L2；方程：(-3.578966654452182)x+(1)y=-2.2311835837303153。
  目标直线GL2=L4；方程：(0.00424021299674904)x+(1)y=3.3163100285967873。
  目标直线GL3=L3；方程：(5.327097808658469)x+(1)y=3.2115980758952563。
  目标点GP1=P7=(0.6111320754717008,-0.04396226415094384)。
  目标点GP2=P8=(1.5481923923294576,3.3097453630933638)。
  目标点GP3=P11=(-0.019672131147538966,3.3163934426229527)。

已返回所需的 1 个不同解。
Result status: QUOTA_REACHED
Requested solutions:1
Distinct solutions:1
Successful state visits:1
Search Time:3.772900
Solution output time:0.000183200
Worker threads:8
Nodes:32042468
Raw candidates:52089050
Unique candidates:32063360
============================================================
