============================================================
brute_search v11-r3.1 heuristic
Geometry EPS: 1.000e-11
Search time limit: 60 seconds
Detected system: Linux
Hardware logical processors: 32
Process-available / recommended maximum threads: 32
============================================================

[Step 1/6] Maximum number of NEW construction elements (E).
  E counts only elements constructed by the solver; given lines/circles do NOT count.
  Example: enter 7 to search for a construction using at most 7 new lines/circles.
Enter E limit: 
[Step 3/6] Select allowed construction tools.
  0 = compass only      (construct circles from two known points)
  1 = straightedge only (construct lines through two known points)
  2 = both compass and straightedge
  3 = grid straightedge only
Enter tool type [0/1/2/3]: 
[Step 4/6] Enter counts of GIVEN objects in this exact order:
  P L R S C
  P = points, L = infinite lines, R = rays, S = segments, C = circles.
  Example: '2 1 0 0 0' means 2 points and 1 line are initially given.
Enter P L R S C: 
Given point P1: enter x y.
  Example: '0 0' means P1=(0,0).
P1 = 
Given point P2: enter x y.
  Example: '0 0' means P2=(0,0).
P2 = 
Given point P3: enter x y.
  Example: '0 0' means P3=(0,0).
P3 = 
Given segment S1: enter x1 y1 x2 y2 for its two endpoints.
S1 = 
[Step 5/6] Enter ALL construction goals simultaneously.
  Input three integers in this order: number_of_target_lines number_of_target_circles number_of_target_points
  Example: '2 1 3' means the final construction must contain 2 specified lines,
           1 specified circle, and 3 specified points at the same time.
Enter target counts L C P: 
Target line GL1: enter a b c for a*x + b*y = c.
GL1 (a b c) = 
Target line GL2: enter a b c for a*x + b*y = c.
GL2 (a b c) = 
Target point GP1: enter x y.
GP1 = 
============================================================
Search configuration
  E limit: 9
  Requested distinct solutions: 1
  Tools: compass + straightedge
  Goals: 2 line(s), 0 circle(s), 1 point(s)
  Search engine: v11 heuristic portfolio beam
  Coverage thread slots: auto (shared-prefix DFS, not beam success)
  Beam width / branch limit per worker: 64 / 96
  Seed: 1; restarts: 0 (0 = until time budget)
  Heuristic search may discard paths; failure is NOT exhaustion or an impossibility proof.
  Geometry EPS: 1.000e-11
  Time limit: 60 seconds
  Worker threads: 8 / 32 process-available (32 hardware)
============================================================
Searching...

============================================================

========== 第 1 / 1 个不同解（9E） ==========
Solution found!
作图步骤（9E）：
已知对象：
  P1=(0,0)。
  P2=(7.1,0)。
  P3=(2.3,0)。
  已知线段S1：端点(0,0)和(7.1,0)；所在直线方程：(0)x+(1)y=0。

第1步：以P1=(0,0)为圆心，P2=(7.1,0)为圆周点作圆C1；方程：(x-(0))^2+(y-(0))^2=50.41。
第2步：以P2=(7.1,0)为圆心，P1=(0,0)为圆周点作圆C2；方程：(x-(7.1))^2+(y-(0))^2=50.41。
  取C1,C2交点P4=(3.55,6.148780366869514)。
  取C1,C2交点P5=(3.55,-6.148780366869514)。
第3步：过P4=(3.55,6.148780366869514)，P5=(3.55,-6.148780366869514)作直线L1；方程：(1)x+(0)y=3.55。
  取S1,L1交点P6=(3.55,0)。
第4步：以P6=(3.55,0)为圆心，P1=(0,0)为圆周点作圆C3；方程：(x-(3.55))^2+(y-(0))^2=12.6025。
  取L1,C3交点P7=(3.55,3.55)。
  取L1,C3交点P8=(3.55,-3.55)。
第5步：以P7=(3.55,3.55)为圆心，P3=(2.3,0)为圆周点作圆C4；方程：(x-(3.55))^2+(y-(3.55))^2=14.165。
  取S1,C4交点P9=(4.8,0)。
  取C3,C4交点P10=(0.3586532609061148,1.5549295774647887)。
第6步：以P1=(0,0)为圆心，P9=(4.8,0)为圆周点作圆C5；方程：(x-(0))^2+(y-(0))^2=23.04。
第7步：以P8=(3.55,-3.55)为圆心，P10=(0.3586532609061148,1.5549295774647887)为圆周点作圆C6；方程：(x-(3.55))^2+(y-(-3.55))^2=36.24499999999999。
  取C5,C6交点P11=(-2.442155760883897,-4.132296605954321)。
第8步：过P1=(0,0)，P11=(-2.442155760883897,-4.132296605954321)作直线L2；方程：(-1.6920692251253893)x+(1)y=0。
  取C3,L2交点P12=(1.8379030294692127,3.1098591549295764)。
第9步：过P2=(7.1,0)，P12=(1.8379030294692127,3.1098591549295764)作直线L3；方程：(0.5909923690775096)x+(1)y=4.196045820450318。

目标对应：
  目标直线GL1=L2；方程：(-1.6920692251253893)x+(1)y=0。
  目标直线GL2=L3；方程：(0.5909923690775096)x+(1)y=4.196045820450318。
  目标点GP1=P12=(1.8379030294692127,3.1098591549295764)。

已返回所需的 1 个不同解。
Result status: QUOTA_REACHED
Requested solutions:1
Distinct solutions:1
Successful state visits:1
Search Time:5.113678
Solution output time:0.000038001
Worker threads:8
Nodes:15811221
Raw candidates:110320908
Unique candidates:96953812
Heuristic restarts:157
Heuristic layers:1408
Expanded beam states:67197
Evaluated successors:5512833
Candidate paths discarded:81523892
Beam paths discarded:4515840
Tail helper calls:1233
Beam successful state visits:0
Helper successful state visits:1
Family-diversity discards:10623
Rendezvous proposals:0
Rendezvous replays:0
Rendezvous successful state visits:0
Chain join calls:93
Chain join proposals:319249
Chain join replays:319249
Chain join successful state visits:0
Point join calls:107
Point join proposals:2447
Point join replays:4613
Point join successful state visits:0
Coverage tasks:1
Coverage successful state visits:0
Equal-radius probe calls:1
Equal-radius probe prefixes:2
Equal-radius probe completions:0
Equal-radius probe successful state visits:0
Peak beam per worker:64
Search completeness: HEURISTIC (no exhaustive guarantee)
============================================================
