============================================================
brute_search v11 heuristic
Geometry EPS: 1.000e-11
Search time limit: 10 seconds
Detected system: Windows
Hardware logical processors: 20
Process-available / recommended maximum threads: 20
============================================================

[Step 1/6] Maximum number of NEW construction elements (E).
  E counts only elements constructed by the solver; given lines/circles do NOT count.
  Example: enter 7 to search for a construction using at most 7 new lines/circles.
Enter E limit: 
[Step 3/6] Select allowed construction tools.
  0 = compass only      (construct circles from two known points)
  1 = straightedge only (construct lines through two known points)
  2 = both compass and straightedge
  3 = grid straightedge only
Enter tool type [0/1/2/3]: 
[Step 4/6] Enter counts of GIVEN objects in this exact order:
  P L R S C
  P = points, L = infinite lines, R = rays, S = segments, C = circles.
  Example: '2 1 0 0 0' means 2 points and 1 line are initially given.
Enter P L R S C: 
Given point P1: enter x y.
  Example: '0 0' means P1=(0,0).
P1 = 
Given point P2: enter x y.
  Example: '0 0' means P2=(0,0).
P2 = 
Given point P3: enter x y.
  Example: '0 0' means P3=(0,0).
P3 = 
Given point P4: enter x y.
  Example: '0 0' means P4=(0,0).
P4 = 
Given point P5: enter x y.
  Example: '0 0' means P5=(0,0).
P5 = 
Given point P6: enter x y.
  Example: '0 0' means P6=(0,0).
P6 = 
Given point P7: enter x y.
  Example: '0 0' means P7=(0,0).
P7 = 
Given point P8: enter x y.
  Example: '0 0' means P8=(0,0).
P8 = 
Given point P9: enter x y.
  Example: '0 0' means P9=(0,0).
P9 = 
Given point P10: enter x y.
  Example: '0 0' means P10=(0,0).
P10 = 
Given point P11: enter x y.
  Example: '0 0' means P11=(0,0).
P11 = 
Given point P12: enter x y.
  Example: '0 0' means P12=(0,0).
P12 = 
Given point P13: enter x y.
  Example: '0 0' means P13=(0,0).
P13 = 
Given point P14: enter x y.
  Example: '0 0' means P14=(0,0).
P14 = 
Given point P15: enter x y.
  Example: '0 0' means P15=(0,0).
P15 = 
Given point P16: enter x y.
  Example: '0 0' means P16=(0,0).
P16 = 
Given point P17: enter x y.
  Example: '0 0' means P17=(0,0).
P17 = 
Given point P18: enter x y.
  Example: '0 0' means P18=(0,0).
P18 = 
Given point P19: enter x y.
  Example: '0 0' means P19=(0,0).
P19 = 
Given point P20: enter x y.
  Example: '0 0' means P20=(0,0).
P20 = 
Given point P21: enter x y.
  Example: '0 0' means P21=(0,0).
P21 = 
Given point P22: enter x y.
  Example: '0 0' means P22=(0,0).
P22 = 
Given point P23: enter x y.
  Example: '0 0' means P23=(0,0).
P23 = 
Given point P24: enter x y.
  Example: '0 0' means P24=(0,0).
P24 = 
Given point P25: enter x y.
  Example: '0 0' means P25=(0,0).
P25 = 
Given point P26: enter x y.
  Example: '0 0' means P26=(0,0).
P26 = 
Given point P27: enter x y.
  Example: '0 0' means P27=(0,0).
P27 = 
Given point P28: enter x y.
  Example: '0 0' means P28=(0,0).
P28 = 
Given point P29: enter x y.
  Example: '0 0' means P29=(0,0).
P29 = 
Given point P30: enter x y.
  Example: '0 0' means P30=(0,0).
P30 = 
Given point P31: enter x y.
  Example: '0 0' means P31=(0,0).
P31 = 
Given point P32: enter x y.
  Example: '0 0' means P32=(0,0).
P32 = 
Given point P33: enter x y.
  Example: '0 0' means P33=(0,0).
P33 = 
Given point P34: enter x y.
  Example: '0 0' means P34=(0,0).
P34 = 
Given point P35: enter x y.
  Example: '0 0' means P35=(0,0).
P35 = 
Given point P36: enter x y.
  Example: '0 0' means P36=(0,0).
P36 = 
Given point P37: enter x y.
  Example: '0 0' means P37=(0,0).
P37 = 
Given line L1: enter a b c for a*x + b*y = c.
  Examples: y=0 -> '0 1 0'; x=2 -> '1 0 2'.
L1 (a b c) = 
Given line L2: enter a b c for a*x + b*y = c.
  Examples: y=0 -> '0 1 0'; x=2 -> '1 0 2'.
L2 (a b c) = 
Given line L3: enter a b c for a*x + b*y = c.
  Examples: y=0 -> '0 1 0'; x=2 -> '1 0 2'.
L3 (a b c) = 
Given line L4: enter a b c for a*x + b*y = c.
  Examples: y=0 -> '0 1 0'; x=2 -> '1 0 2'.
L4 (a b c) = 
Given line L5: enter a b c for a*x + b*y = c.
  Examples: y=0 -> '0 1 0'; x=2 -> '1 0 2'.
L5 (a b c) = 
Given ray R1: enter x1 y1 x2 y2.
  The ray starts at (x1,y1) and passes through (x2,y2).
R1 = 
Given segment S1: enter x1 y1 x2 y2 for its two endpoints.
S1 = 
Given circle C1: enter center_x center_y radius.
  This represents (x-center_x)^2 + (y-center_y)^2 = radius^2.
C1 = 
Given circle C2: enter center_x center_y radius.
  This represents (x-center_x)^2 + (y-center_y)^2 = radius^2.
C2 = 
Given circle C3: enter center_x center_y radius.
  This represents (x-center_x)^2 + (y-center_y)^2 = radius^2.
C3 = 
Given circle C4: enter center_x center_y radius.
  This represents (x-center_x)^2 + (y-center_y)^2 = radius^2.
C4 = 
[Step 5/6] Enter ALL construction goals simultaneously.
  Input three integers in this order: number_of_target_lines number_of_target_circles number_of_target_points
  Example: '2 1 3' means the final construction must contain 2 specified lines,
           1 specified circle, and 3 specified points at the same time.
Enter target counts L C P: 
Target point GP1: enter x y.
GP1 = 
============================================================
Search configuration
  E limit: 3
  Requested distinct solutions: 1
  Tools: compass + straightedge
  Goals: 0 line(s), 0 circle(s), 1 point(s)
  Search engine: v11 heuristic portfolio beam
  Beam width / branch limit per worker: 64 / 96
  Seed: 1; restarts: 0 (0 = until time budget)
  Heuristic search may discard paths; failure is NOT exhaustion or an impossibility proof.
  Geometry EPS: 1.000e-11
  Time limit: 10 seconds
  Worker threads: 1 / 20 process-available (20 hardware)
============================================================
Searching...

============================================================

SEARCH STOPPED: time limit reached (10 seconds).
已找到并输出 0 / 1 个不同解
Result status: TIMEOUT_PARTIAL
Requested solutions:1
Distinct solutions:0
Successful state visits:0
Search Time:10.000133
Worker threads:1
Nodes:2192652
Raw candidates:62837425
Unique candidates:57213446
Heuristic restarts:87
Heuristic layers:260
Expanded beam states:11097
Evaluated successors:1065312
Candidate paths discarded:55021884
Beam paths discarded:525917
Tail helper calls:691
Peak beam per worker:64
Search completeness: HEURISTIC (no exhaustive guarantee)
============================================================
