============================================================
brute_search v11-r3.1 heuristic
Geometry EPS: 1.000e-10
Search time limit: 20 seconds
Detected system: Windows
Hardware logical processors: 20
Process-available / recommended maximum threads: 20
============================================================

[Step 1/6] Maximum number of NEW construction elements (E).
  E counts only elements constructed by the solver; given lines/circles do NOT count.
  Example: enter 7 to search for a construction using at most 7 new lines/circles.
Enter E limit: 
[Step 3/6] Select allowed construction tools.
  0 = compass only      (construct circles from two known points)
  1 = straightedge only (construct lines through two known points)
  2 = both compass and straightedge
  3 = grid straightedge only
Enter tool type [0/1/2/3]: 网格左下角=(0,0)，右上角=(m,n)。请输入非负整数 m n：自动添加 x=0..m、y=0..n 的网格线及其网格内交点，不计入E。

[Step 4/6] Enter counts of GIVEN objects in this exact order:
  P L R S C
  P = points, L = infinite lines, R = rays, S = segments, C = circles.
  Example: '2 1 0 0 0' means 2 points and 1 line are initially given.
Enter P L R S C: 
Given point P1: enter x y.
  Example: '0 0' means P1=(0,0).
P1 = 
Given point P2: enter x y.
  Example: '0 0' means P2=(0,0).
P2 = 
Given point P3: enter x y.
  Example: '0 0' means P3=(0,0).
P3 = 
Given point P4: enter x y.
  Example: '0 0' means P4=(0,0).
P4 = 
Given point P5: enter x y.
  Example: '0 0' means P5=(0,0).
P5 = 
Given line L1: enter a b c for a*x + b*y = c.
  Examples: y=0 -> '0 1 0'; x=2 -> '1 0 2'.
L1 (a b c) = 
Given line L2: enter a b c for a*x + b*y = c.
  Examples: y=0 -> '0 1 0'; x=2 -> '1 0 2'.
L2 (a b c) = 
Given circle C1: enter center_x center_y radius.
  This represents (x-center_x)^2 + (y-center_y)^2 = radius^2.
C1 = 
[Step 5/6] Enter ALL construction goals simultaneously.
  Input three integers in this order: number_of_target_lines number_of_target_circles number_of_target_points
  Example: '2 1 3' means the final construction must contain 2 specified lines,
           1 specified circle, and 3 specified points at the same time.
Enter target counts L C P: 
Target line GL1: enter a b c for a*x + b*y = c.
GL1 (a b c) = 
============================================================
Search configuration
  E limit: 4
  Requested distinct solutions: 1
  Tools: grid straightedge only (mode 3)
  Grid rectangle: [0,6] x [0,6] (closed)
  Automatic grid lines: 14 (free)
  Initial in-grid points: 79
  Goals: 1 line(s), 0 circle(s), 0 point(s)
  Search engine: v11 heuristic portfolio beam
  Coverage thread slots: auto (shared-prefix DFS, not beam success)
  Beam width / branch limit per worker: 64 / 96
  Seed: 1; restarts: 0 (0 = until time budget)
  Heuristic search may discard paths; failure is NOT exhaustion or an impossibility proof.
  Geometry EPS: 1.000e-10
  Time limit: 20 seconds
  Worker threads: 8 / 20 process-available (20 hardware)
============================================================
Searching...

============================================================

========== 第 1 / 1 个不同解（4E） ==========
Solution found!
作图步骤（4E）：
已知对象：
  P1=(3,0.865)。
  P2=(4.19199979446307,4)。
  P3=(1.8080002055369302,4)。
  P4=(4.599574256238986,1.8465838278797038)。
  P5=(3,2.659113)。
  已知直线L1；方程：(1)x+(0)y=0。
  已知直线L2；方程：(1)x+(0)y=1。
  已知直线L3；方程：(1)x+(0)y=2。
  已知直线L4；方程：(1)x+(0)y=3。
  已知直线L5；方程：(1)x+(0)y=4。
  已知直线L6；方程：(1)x+(0)y=5。
  已知直线L7；方程：(1)x+(0)y=6。
  已知直线L8；方程：(0)x+(1)y=0。
  已知直线L9；方程：(0)x+(1)y=1。
  已知直线L10；方程：(0)x+(1)y=2。
  已知直线L11；方程：(0)x+(1)y=3。
  已知直线L12；方程：(0)x+(1)y=4。
  已知直线L13；方程：(0)x+(1)y=5。
  已知直线L14；方程：(0)x+(1)y=6。
  已知直线L15；方程：(-2.6300340105445614)x+(1)y=-7.025102031633684。
  已知直线L16；方程：(2.630034010544561)x+(1)y=8.755102031633683。
  已知圆C1；方程：(x-(3))^2+(y-(2.659113))^2=3.2188414567690002。
已知元素的交点：
  取L4,C1交点P6=(3,4.453226)。

第1步：过P3=(1.8080002055369302,4)，P5=(3,2.659113)作直线L17；方程：(1.1249053953100685)x+(1)y=6.033829185930205。
  取C1,L17交点P7=(4.19199979446307,1.3182260000000003)。
第2步：过P2=(4.19199979446307,4)，P6=(3,4.453226)作直线L18；方程：(0.380223219924424)x+(1)y=5.593895659773272。
第3步：过P4=(4.599574256238986,1.8465838278797038)，P7=(4.19199979446307,1.3182260000000003)作直线L19；方程：(-1.2963467474814292)x+(1)y=-4.11605929899502。
  取L18,L19交点P8=(5.791559641135914,3.391810204636234)。
第4步：过P5=(3,2.659113)，P8=(5.791559641135914,3.391810204636234)作直线L20；方程：(-0.26246876256532076)x+(1)y=1.871706712304038。

网格校验：全部 121 个已知点均限制在 [0,6]×[0,6] 内（含边界）

目标对应：
  目标直线GL1=L20；方程：(-0.26246876256532076)x+(1)y=1.871706712304038。

已返回所需的 1 个不同解。
Result status: QUOTA_REACHED
Requested solutions:1
Distinct solutions:1
Successful state visits:1
Search Time:0.040458
Solution output time:0.000148300
Worker threads:8
Nodes:9163
Raw candidates:1449937
Unique candidates:265531
Heuristic restarts:3
Heuristic layers:7
Expanded beam states:92
Evaluated successors:8640
Candidate paths discarded:254495
Beam paths discarded:8550
Tail helper calls:1
Beam successful state visits:0
Helper successful state visits:1
Family-diversity discards:48
Rendezvous proposals:0
Rendezvous replays:0
Rendezvous successful state visits:0
Chain join calls:0
Chain join proposals:0
Chain join replays:0
Chain join successful state visits:0
Point join calls:0
Point join proposals:0
Point join replays:0
Point join successful state visits:0
Coverage tasks:241
Coverage successful state visits:0
Equal-radius probe calls:0
Equal-radius probe prefixes:0
Equal-radius probe completions:0
Equal-radius probe successful state visits:0
Peak beam per worker:64
Search completeness: HEURISTIC (no exhaustive guarantee)
============================================================
