============================================================
brute_search v11-r3 heuristic
Geometry EPS: 1.000e-11
Search time limit: 20 seconds
Detected system: Windows
Hardware logical processors: 20
Process-available / recommended maximum threads: 20
============================================================

[Step 1/6] Maximum number of NEW construction elements (E).
  E counts only elements constructed by the solver; given lines/circles do NOT count.
  Example: enter 7 to search for a construction using at most 7 new lines/circles.
Enter E limit: 
[Step 3/6] Select allowed construction tools.
  0 = compass only      (construct circles from two known points)
  1 = straightedge only (construct lines through two known points)
  2 = both compass and straightedge
  3 = grid straightedge only
Enter tool type [0/1/2/3]: 
[Step 4/6] Enter counts of GIVEN objects in this exact order:
  P L R S C
  P = points, L = infinite lines, R = rays, S = segments, C = circles.
  Example: '2 1 0 0 0' means 2 points and 1 line are initially given.
Enter P L R S C: 
Given point P1: enter x y.
  Example: '0 0' means P1=(0,0).
P1 = 
Given point P2: enter x y.
  Example: '0 0' means P2=(0,0).
P2 = 
Given circle C1: enter center_x center_y radius.
  This represents (x-center_x)^2 + (y-center_y)^2 = radius^2.
C1 = 
Given circle C2: enter center_x center_y radius.
  This represents (x-center_x)^2 + (y-center_y)^2 = radius^2.
C2 = 
[Step 5/6] Enter ALL construction goals simultaneously.
  Input three integers in this order: number_of_target_lines number_of_target_circles number_of_target_points
  Example: '2 1 3' means the final construction must contain 2 specified lines,
           1 specified circle, and 3 specified points at the same time.
Enter target counts L C P: 
Target point GP1: enter x y.
GP1 = 
============================================================
Search configuration
  E limit: 6
  Requested distinct solutions: 1
  Tools: compass + straightedge
  Goals: 0 line(s), 0 circle(s), 1 point(s)
  Search engine: v11 heuristic portfolio beam
  Beam width / branch limit per worker: 64 / 96
  Seed: 1; restarts: 0 (0 = until time budget)
  Heuristic search may discard paths; failure is NOT exhaustion or an impossibility proof.
  Geometry EPS: 1.000e-11
  Time limit: 20 seconds
  Worker threads: 8 / 20 process-available (20 hardware)
============================================================
Searching...

============================================================

========== 第 1 / 1 个不同解（6E） ==========
Solution found!
作图步骤（6E）：
已知对象：
  P1=(0,0)。
  P2=(1.21,0)。
  已知圆C1；方程：(x-(0))^2+(y-(0))^2=13.690000000000001。
  已知圆C2；方程：(x-(1.21))^2+(y-(0))^2=2.0448999999999997。

第1步：过P1=(0,0)，P2=(1.21,0)作直线L1；方程：(0)x+(1)y=0。
  取C1,L1交点P3=(-3.7,0)。
  取C1,L1交点P4=(3.7,0)。
第2步：以P1=(0,0)为圆心，P2=(1.21,0)为圆周点作圆C3；方程：(x-(0))^2+(y-(0))^2=1.4641。
  取L1,C3交点P5=(-1.21,0)。
第3步：以P2=(1.21,0)为圆心，P1=(0,0)为圆周点作圆C4；方程：(x-(1.21))^2+(y-(0))^2=1.4641。
  取L1,C4交点P6=(2.42,0)。
第4步：以P6=(2.42,0)为圆心，P4=(3.7,0)为圆周点作圆C5；方程：(x-(2.42))^2+(y-(0))^2=1.6384000000000007。
  取C2,C5交点P7=(1.9829752066115696,1.2030832597803862)。
第5步：以P5=(-1.21,0)为圆心，P3=(-3.7,0)为圆周点作圆C6；方程：(x-(-1.21))^2+(y-(0))^2=6.200100000000001。
  取C2,C6交点P8=(0.858512396694215,-1.3861300316789749)。
第6步：过P7=(1.9829752066115696,1.2030832597803862)，P8=(0.858512396694215,-1.3861300316789749)作直线L2；方程：(-2.3026224332396215)x+(1)y=-3.3629599355213875。
  取L1,L2交点P9=(1.4604912585646743,0)。

目标对应：
  目标点GP1=P9=(1.4604912585646743,0)。

已返回所需的 1 个不同解。
Result status: QUOTA_REACHED
Requested solutions:1
Distinct solutions:1
Successful state visits:1
Search Time:0.000998
Solution output time:0.000061200
Worker threads:8
Nodes:2343
Raw candidates:4485
Unique candidates:3156
Heuristic restarts:5
Heuristic layers:15
Expanded beam states:45
Evaluated successors:2332
Candidate paths discarded:566
Beam paths discarded:2291
Tail helper calls:0
Beam successful state visits:0
Helper successful state visits:0
Family-diversity discards:0
Rendezvous proposals:0
Rendezvous replays:0
Rendezvous successful state visits:0
Chain join calls:1
Chain join proposals:0
Chain join replays:0
Chain join successful state visits:0
Point join calls:1
Point join proposals:1
Point join replays:1
Point join successful state visits:1
Peak beam per worker:41
Search completeness: HEURISTIC (no exhaustive guarantee)
============================================================
